.next/dev/types/validator.ts(180,31): error TS2344: Type 'typeof import("E:/Tugas/KP/monitor-tower/app/api/users/[id]/route")' does not satisfy the constraint 'RouteHandlerConfig<"/api/users/[id]">'.
  Types of property 'GET' are incompatible.
    Type '(req: NextRequest, { params }: { params: { id: string; }; }) => Promise<NextResponse<{ error: string; }> | NextResponse<{ id: string; name: string; role: Role; updatedAt: Date; createdAt: Date; username: string; }>>' is not assignable to type '(request: NextRequest, context: { params: Promise<{ id: string; }>; }) => void | Response | Promise<void | Response>'.
      Types of parameters '__1' and 'context' are incompatible.
        Type '{ params: Promise<{ id: string; }>; }' is not assignable to type '{ params: { id: string; }; }'.
          Types of property 'params' are incompatible.
            Property 'id' is missing in type 'Promise<{ id: string; }>' but required in type '{ id: string; }'.
.next/types/validator.ts(180,31): error TS2344: Type 'typeof import("E:/Tugas/KP/monitor-tower/app/api/users/[id]/route")' does not satisfy the constraint 'RouteHandlerConfig<"/api/users/[id]">'.
  Types of property 'GET' are incompatible.
    Type '(req: NextRequest, { params }: { params: { id: string; }; }) => Promise<NextResponse<{ error: string; }> | NextResponse<{ id: string; name: string; role: Role; updatedAt: Date; createdAt: Date; username: string; }>>' is not assignable to type '(request: NextRequest, context: { params: Promise<{ id: string; }>; }) => void | Response | Promise<void | Response>'.
      Types of parameters '__1' and 'context' are incompatible.
        Type '{ params: Promise<{ id: string; }>; }' is not assignable to type '{ params: { id: string; }; }'.
          Types of property 'params' are incompatible.
            Property 'id' is missing in type 'Promise<{ id: string; }>' but required in type '{ id: string; }'.
verify-login.ts(24,5): error TS2353: Object literal may only specify known properties, and 'datasources' does not exist in type 'Subset<PrismaClientOptions, PrismaClientOptions>'.
